controlPlane:
  apiServer:
    url: http://localhost:5681
dataplane:
  mesh: default
  drainTime: 30s
dataplaneRuntime:
  binaryPath: envoy
